задание: 2.2.1
проект: 221-command-time
устройство: 2e8a:000a
серийный номер: E663682593365138
порт: COM6
начало: 2026-10-04T21:31:12
   0.000 --> clk_info
   0.156 <-- clk_info
   0.156 <-- dbg read_line:122 got clk_info
   0.156 <-- signal     set_khz measured_khz
   0.156 <-- clk_ref      12000        12001
   0.156 <-- clk_sys     125000       125000
   0.156 <-- clk_peri    125000       125001
   0.156 <-- clk_usb      48000        48000
   0.156 <-- clk_adc      48000        48000
   0.156 <-- rosc             -         5540
   2.062 --> info
   2.156 <-- info
   2.156 <-- dbg read_line:122 got info
   2.156 <-- project: 221-command-time
   2.156 <-- repo: https://github.com/anahitkhachoyan/es-student
   2.156 <-- board: pico
   2.156 <-- pico-sdk: 2.3.0
   2.156 <-- serial: E663682593365138
   2.156 <-- chip: manufacturer 0x927, part 0x0002, revision 2
итог: отправлено команд 2, принято строк 17
