задание: 2.1.3
проект: 211-command-usb
устройство: 2e8a:000a
серийный номер: E663682593365138
порт: COM6
начало: 2026-09-22T23:21:28
   0.000 --> mem_info
   0.172 <-- mem_info
   0.172 <-- dbg read_line:107 got mem_info
   0.172 <-- area       start      end        size
   0.172 <-- flash      0x10000000 0x10200000  2097152
   0.172 <-- sram       0x20000000 0x20042000   270336
   0.172 <-- rom        0x00000000 0x00004000    16384
   0.172 <-- image      0x10000000 0x10008340    33600
   0.172 <-- free       0x10008340 0x10200000  2063552
   0.172 <-- boot2      0x10000000 0x10000100      256
   0.172 <-- text       0x10000100 0x10007350    29264
   0.172 <-- data flash 0x10007350 0x10008340     4080
   0.187 <-- data ram   0x200000c0 0x200010b0     4080
   0.187 <-- bss        0x200010b0 0x20001cec     3132
   0.187 <-- heap       0x20001cec 0x20040000   254740
   0.187 <-- stack      0x20041800 0x20042000     2048
   0.187 <-- total
   0.187 <-- flash image    33600 = boot2 256 + text 29264 + data 4080
   0.187 <-- flash free   2063552 of 2097152
   0.187 <-- ram used        7212 = data 4080 + bss 3132
   0.187 <-- ram free      254740 for heap and 2048 for stack
итог: отправлено команд 1, принято строк 20
